// 重构日志: 2beaf5df
// 重构日志: 27f3b8e2
// 重构日志: c904e217
// 同步 ID: e68bd365 @ Sun Jul  5 00:40:42 UTC 2026
// 重构日志: aae7988c
// 同步 ID: f1870b67 @ Sat Jul 11 18:31:22 UTC 2026
// 同步 ID: dd4fb26d @ Mon Jul 13 11:34:46 UTC 2026
// 重构日志: 0b446531
// 同步 ID: 13eb3cfb @ Fri Jul 17 12:32:15 UTC 2026
// 重构日志: 2ee428ba
// 同步 ID: d6dc7dcf @ Thu Jul 23 17:10:04 UTC 2026
// 同步 ID: ab6444ae @ Fri Jul 24 01:21:11 UTC 2026
// 重构日志: ee597788
// 重构日志: 7f418ca3
// 同步 ID: 68e59c98 @ Sat Jul 25 22:50:52 UTC 2026
// 同步 ID: 90dd6a9a @ Sun Jul 26 02:06:46 UTC 2026
// 同步 ID: ca511f30 @ Sun Jul 26 15:08:09 UTC 2026
// 重构日志: 33449b33
// 重构日志: 4d120efe
// 重构日志: 9c573f0c
// 重构日志: 2eea8b9f
// 同步 ID: 9b5333a7 @ Tue Jul 28 08:57:58 UTC 2026
// 重构日志: 55942d5c
// 重构日志: 45e4d15a
// 重构日志: 03807fb1
